var(_0)
\+(var(1))
\+(var(a))
\+(var(x(y)))
\+(var(1.23))
\+(var([]))
\+(nonvar(_0))
nonvar(1)
nonvar(a)
nonvar(x(y))
nonvar(1.23)
nonvar([])
\+(number(_0))
number(1)
\+(number(a))
\+(number(x(y)))
number(1.23)
\+(number([]))
\+(compound(_0))
\+(compound(1))
\+(compound(a))
compound(x(y))
\+(compound(1.23))
\+(compound([]))
\+(atom(_0))
\+(atom(1))
atom(a)
\+(atom(x(y)))
\+(atom(1.23))
atom([])
\+(atomic(_0))
atomic(1)
atomic(a)
\+(atomic(x(y)))
atomic(1.23)
atomic([])
\+(integer(_0))
integer(1)
\+(integer(a))
\+(integer(x(y)))
\+(integer(1.23))
\+(integer([]))
\+(float(_0))
\+(float(1))
\+(float(a))
\+(float(x(y)))
float(1.23)
\+(float([]))
stream(s)
\+(stream(1))
