[1,xf,~]
[1,xf,#]
[1000,xfx,;]
[700,xfx,@=<]
[700,xfx,@<]
[1000,xfy,,]
[700,xfx,is]
[200,xfx,**]
[700,xfx,@>]
[400,yfx,<<]
[700,xfx,@>=]
[700,xfx,\==]
[200,xfy,^]
[200,fy,+]
[500,yfx,+]
[400,yfx,>>]
[700,xfx,==]
[200,fy,-]
[500,yfx,-]
[1150,fx,initialization]
[1150,fx,public]
[1150,fx,meta_predicate]
[1150,fx,discontiguous]
[1150,fx,determinate]
[1150,fx,mode]
[900,fy,\+]
[700,xfx,=:=]
[700,xfx,=\=]
[500,yfx,\/]
[1200,fx,:-]
[1200,xfx,:-]
[700,xfx,\=]
[200,fy,\]
[500,yfx,/\]
[400,yfx,xor]
[700,xfx,=<]
[700,xfx,<]
[700,xfx,=..]
[700,xfx,=]
[400,yfx,//]
[400,yfx,/]
[1050,xfy,->]
[700,xfx,>]
[400,yfx,*]
[700,xfx,>=]
[1200,xfx,-->]
[400,yfx,\\]
[400,yfx,rem]
