[move,disk,from,left,to,right]
[move,disk,from,left,to,center]
[move,disk,from,right,to,center]
[move,disk,from,left,to,right]
[move,disk,from,center,to,left]
[move,disk,from,center,to,right]
[move,disk,from,left,to,right]
[move,disk,from,left,to,center]
[move,disk,from,right,to,center]
[move,disk,from,right,to,left]
[move,disk,from,center,to,left]
[move,disk,from,right,to,center]
[move,disk,from,left,to,right]
[move,disk,from,left,to,center]
[move,disk,from,right,to,center]
[move,disk,from,left,to,right]
[move,disk,from,center,to,left]
[move,disk,from,center,to,right]
[move,disk,from,left,to,right]
[move,disk,from,center,to,left]
[move,disk,from,right,to,center]
[move,disk,from,right,to,left]
[move,disk,from,center,to,left]
[move,disk,from,center,to,right]
[move,disk,from,left,to,right]
[move,disk,from,left,to,center]
[move,disk,from,right,to,center]
[move,disk,from,left,to,right]
[move,disk,from,center,to,left]
[move,disk,from,center,to,right]
[move,disk,from,left,to,right]
[move,disk,from,left,to,center]
[move,disk,from,right,to,center]
[move,disk,from,right,to,left]
[move,disk,from,center,to,left]
[move,disk,from,right,to,center]
[move,disk,from,left,to,right]
[move,disk,from,left,to,center]
[move,disk,from,right,to,center]
[move,disk,from,right,to,left]
[move,disk,from,center,to,left]
[move,disk,from,center,to,right]
[move,disk,from,left,to,right]
[move,disk,from,center,to,left]
[move,disk,from,right,to,center]
[move,disk,from,right,to,left]
[move,disk,from,center,to,left]
[move,disk,from,right,to,center]
[move,disk,from,left,to,right]
[move,disk,from,left,to,center]
[move,disk,from,right,to,center]
[move,disk,from,left,to,right]
[move,disk,from,center,to,left]
[move,disk,from,center,to,right]
[move,disk,from,left,to,right]
[move,disk,from,left,to,center]
[move,disk,from,right,to,center]
[move,disk,from,right,to,left]
[move,disk,from,center,to,left]
[move,disk,from,right,to,center]
[move,disk,from,left,to,right]
[move,disk,from,left,to,center]
[move,disk,from,right,to,center]
[move,disk,from,left,to,right]
[move,disk,from,center,to,left]
[move,disk,from,center,to,right]
[move,disk,from,left,to,right]
[move,disk,from,center,to,left]
[move,disk,from,right,to,center]
[move,disk,from,right,to,left]
[move,disk,from,center,to,left]
[move,disk,from,center,to,right]
[move,disk,from,left,to,right]
[move,disk,from,left,to,center]
[move,disk,from,right,to,center]
[move,disk,from,left,to,right]
[move,disk,from,center,to,left]
[move,disk,from,center,to,right]
[move,disk,from,left,to,right]
[move,disk,from,center,to,left]
[move,disk,from,right,to,center]
[move,disk,from,right,to,left]
[move,disk,from,center,to,left]
[move,disk,from,right,to,center]
[move,disk,from,left,to,right]
[move,disk,from,left,to,center]
[move,disk,from,right,to,center]
[move,disk,from,right,to,left]
[move,disk,from,center,to,left]
[move,disk,from,center,to,right]
[move,disk,from,left,to,right]
[move,disk,from,center,to,left]
[move,disk,from,right,to,center]
[move,disk,from,right,to,left]
[move,disk,from,center,to,left]
[move,disk,from,center,to,right]
[move,disk,from,left,to,right]
[move,disk,from,left,to,center]
[move,disk,from,right,to,center]
[move,disk,from,left,to,right]
[move,disk,from,center,to,left]
[move,disk,from,center,to,right]
[move,disk,from,left,to,right]
[move,disk,from,left,to,center]
[move,disk,from,right,to,center]
[move,disk,from,right,to,left]
[move,disk,from,center,to,left]
[move,disk,from,right,to,center]
[move,disk,from,left,to,right]
[move,disk,from,left,to,center]
[move,disk,from,right,to,center]
[move,disk,from,left,to,right]
[move,disk,from,center,to,left]
[move,disk,from,center,to,right]
[move,disk,from,left,to,right]
[move,disk,from,center,to,left]
[move,disk,from,right,to,center]
[move,disk,from,right,to,left]
[move,disk,from,center,to,left]
[move,disk,from,center,to,right]
[move,disk,from,left,to,right]
[move,disk,from,left,to,center]
[move,disk,from,right,to,center]
[move,disk,from,left,to,right]
[move,disk,from,center,to,left]
[move,disk,from,center,to,right]
[move,disk,from,left,to,right]
[move,disk,from,left,to,center]
[move,disk,from,right,to,center]
[move,disk,from,right,to,left]
[move,disk,from,center,to,left]
[move,disk,from,right,to,center]
[move,disk,from,left,to,right]
[move,disk,from,left,to,center]
[move,disk,from,right,to,center]
[move,disk,from,right,to,left]
[move,disk,from,center,to,left]
[move,disk,from,center,to,right]
[move,disk,from,left,to,right]
[move,disk,from,center,to,left]
[move,disk,from,right,to,center]
[move,disk,from,right,to,left]
[move,disk,from,center,to,left]
[move,disk,from,right,to,center]
[move,disk,from,left,to,right]
[move,disk,from,left,to,center]
[move,disk,from,right,to,center]
[move,disk,from,left,to,right]
[move,disk,from,center,to,left]
[move,disk,from,center,to,right]
[move,disk,from,left,to,right]
[move,disk,from,left,to,center]
[move,disk,from,right,to,center]
[move,disk,from,right,to,left]
[move,disk,from,center,to,left]
[move,disk,from,right,to,center]
[move,disk,from,left,to,right]
[move,disk,from,left,to,center]
[move,disk,from,right,to,center]
[move,disk,from,right,to,left]
[move,disk,from,center,to,left]
[move,disk,from,center,to,right]
[move,disk,from,left,to,right]
[move,disk,from,center,to,left]
[move,disk,from,right,to,center]
[move,disk,from,right,to,left]
[move,disk,from,center,to,left]
[move,disk,from,center,to,right]
[move,disk,from,left,to,right]
[move,disk,from,left,to,center]
[move,disk,from,right,to,center]
[move,disk,from,left,to,right]
[move,disk,from,center,to,left]
[move,disk,from,center,to,right]
[move,disk,from,left,to,right]
[move,disk,from,center,to,left]
[move,disk,from,right,to,center]
[move,disk,from,right,to,left]
[move,disk,from,center,to,left]
[move,disk,from,right,to,center]
[move,disk,from,left,to,right]
[move,disk,from,left,to,center]
[move,disk,from,right,to,center]
[move,disk,from,right,to,left]
[move,disk,from,center,to,left]
[move,disk,from,center,to,right]
[move,disk,from,left,to,right]
[move,disk,from,center,to,left]
[move,disk,from,right,to,center]
[move,disk,from,right,to,left]
[move,disk,from,center,to,left]
[move,disk,from,right,to,center]
[move,disk,from,left,to,right]
[move,disk,from,left,to,center]
[move,disk,from,right,to,center]
[move,disk,from,left,to,right]
[move,disk,from,center,to,left]
[move,disk,from,center,to,right]
[move,disk,from,left,to,right]
[move,disk,from,left,to,center]
[move,disk,from,right,to,center]
[move,disk,from,right,to,left]
[move,disk,from,center,to,left]
[move,disk,from,right,to,center]
[move,disk,from,left,to,right]
[move,disk,from,left,to,center]
[move,disk,from,right,to,center]
[move,disk,from,left,to,right]
[move,disk,from,center,to,left]
[move,disk,from,center,to,right]
[move,disk,from,left,to,right]
[move,disk,from,center,to,left]
[move,disk,from,right,to,center]
[move,disk,from,right,to,left]
[move,disk,from,center,to,left]
[move,disk,from,center,to,right]
[move,disk,from,left,to,right]
[move,disk,from,left,to,center]
[move,disk,from,right,to,center]
[move,disk,from,left,to,right]
[move,disk,from,center,to,left]
[move,disk,from,center,to,right]
[move,disk,from,left,to,right]
[move,disk,from,left,to,center]
[move,disk,from,right,to,center]
[move,disk,from,right,to,left]
[move,disk,from,center,to,left]
[move,disk,from,right,to,center]
[move,disk,from,left,to,right]
[move,disk,from,left,to,center]
[move,disk,from,right,to,center]
[move,disk,from,right,to,left]
[move,disk,from,center,to,left]
[move,disk,from,center,to,right]
[move,disk,from,left,to,right]
[move,disk,from,center,to,left]
[move,disk,from,right,to,center]
[move,disk,from,right,to,left]
[move,disk,from,center,to,left]
[move,disk,from,right,to,center]
[move,disk,from,left,to,right]
[move,disk,from,left,to,center]
[move,disk,from,right,to,center]
[move,disk,from,left,to,right]
[move,disk,from,center,to,left]
[move,disk,from,center,to,right]
[move,disk,from,left,to,right]
[move,disk,from,left,to,center]
[move,disk,from,right,to,center]
[move,disk,from,right,to,left]
[move,disk,from,center,to,left]
[move,disk,from,right,to,center]
[move,disk,from,left,to,right]
[move,disk,from,left,to,center]
[move,disk,from,right,to,center]
