whq(_231,s(np(3+plu,np_head(int_det(_231),[],river),[]),verb(be,active,pres+fin,[],pos),[void],[]))
q(s(np(3+sin,name(afghanistan),[]),verb(border,active,pres+fin,[],pos),[arg(dir,np(3+sin,name(china),[]))],[]))
whq(_5906,s(np(3+sin,wh(_5906),[]),verb(be,active,pres+fin,[],pos),[arg(dir,np(3+sin,name(capital),[]))],[pp(prep(of),np(3+sin,name(upper_volta),[]))]))
whq(_8964,s(np(3+sin,name(largest),[]),verb(be,active,pres+fin,[],pos),[arg(dir,np(3+sin,name(country),[]))],[pp(prep(in),np(_8966,np_head(int_det(_8964),[],place),[]))]))
whq(_12292,s(np(3+sin,name(capital),[pp(poss,np(3+sin,np_head(int_det(_12292),[],country),[]))]),verb(be,active,pres+fin,[],pos),[arg(dir,np(3+sin,name(london),[]))],[]))
whq(_15726,s(np(3+plu,np_head(int_det(_15726),[],country),[]),verb(be,active,pres+fin,[],pos),[arg(predicate,adj(european))],[]))
whq(_17577,s(np(3+sin,np_head(det(the(sin)),[sup(most,adj(small)),adj(american)],country),[]),verb(be,active,pres+fin,[],pos),[arg(predicate,value(adj(large),wh(_17577)))],[]))
whq(_34996,s(np(3+sin,wh(_34996),[]),verb(be,active,pres+fin,[],pos),[arg(dir,np(3+sin,np_head(det(the(sin)),[],ocean),[conj(and,rel(_42797,s(np(3+sin,wh(_42797),[]),verb(border,active,pres+fin,[],pos),[arg(dir,np(3+plu,np_head(generic,[adj(african)],country),[]))],[])),rel(_44095,s(np(3+sin,wh(_44095),[]),verb(border,active,pres+fin,[],pos),[arg(dir,np(3+plu,np_head(generic,[adj(asian)],country),[]))],[])))]))],[]))
whq(_47447,s(np(3+plu,wh(_47447),[]),verb(be,active,pres+fin,[],pos),[arg(dir,np(3+sin,name(capitals),[]))],[pp(prep(of),np(3+plu,np_head(det(the(plu)),[],country),[reduced_rel(_48375,s(np(3+plu,wh(_48375),[]),verb(border,active,inf,[prog],pos),[arg(dir,np(3+sin,name(baltic),[]))],[]))]))]))
whq(_52118,s(np(3+plu,np_head(int_det(_52118),[],country),[]),verb(border,passive,pres+fin,[],pos),[],[pp(prep(by),np(3+plu,np_head(quant(same,nb(2)),[],sea),[]))]))
whq(_62935,s(np(3+sin,name(the),[]),verb(do,active,pres+fin,[],pos),[arg(ind,np(3+sin,name(danube),[])),arg(dir,np(3+sin,name(flow),[]))],[pp(prep(through),np(3+plu,np_head(quant(same,wh(_62935)),[],country),[]))]))
whq(_103584,s(np(3+sin,wh(_103584),[]),verb(be,active,pres+fin,[],pos),[arg(dir,np(3+sin,np_head(det(the(sin)),[adj(total)],area),[pp(prep(of),np(3+sin,name(countries),[])),conj(and,reduced_rel(_104411,s(np(3+sin,wh(_104411),[]),verb(be,active,pres+fin,[],pos),[arg(predicate,pp(prep(southof),np(3+sin,name(equator),[])))],[])),reduced_rel(_106743,s(np(3+sin,wh(_106743),[]),verb(be,active,pres+fin,[],neg),[arg(predicate,pp(prep(in),np(3+sin,name(australasia),[])))],[])))]))],[]))
whq(_145429,s(np(3+sin,wh(_145429),[]),verb(be,active,pres+fin,[],pos),[arg(dir,np(3+sin,np_head(det(the(sin)),[adj(average)],area),[pp(prep(of),np(3+sin,name(countries),[])),pp(prep(in),np(3+sin,np_head(det(each),[],continent),[]))]))],[]))
q(s(there,verb(be,active,pres+fin,[],pos),[arg(dir,np(3+sin,np_head(quant(more,nb(1)),[],country),[pp(prep(in),np(3+sin,np_head(det(each),[],continent),[]))]))],[]))
q(s(there,verb(be,active,pres+fin,[],pos),[arg(dir,np(3+sin,np_head(det(some),[],ocean),[rel(_176672,s(np(3+sin,wh(_176672),[]),verb(border,active,pres+fin,[],neg),[arg(dir,np(3+sin,np_head(det(any),[],country),[]))],[]))]))],[]))
whq(_179246,s(np(3+plu,wh(_179246),[]),verb(be,active,pres+fin,[],pos),[arg(dir,np(3+plu,np_head(det(the(plu)),[],country),[rel(_183686,s(np(3+sin,np_head(det(a),[],river),[]),verb(flow,active,pres+fin,[],pos),[],[pp(prep(from),np(3+plu,wh(_183686),[])),pp(prep(into),np(3+sin,name(black_sea),[]))]))]))],[]))
